
> chess-app@0.1.0 test
> react-scripts test PGNService

  console.error
    Failed to parse CustomSetup JSON SyntaxError: Expected ',' or '}' after property value in JSON at position 3130 (line 1 column 3131)
        at JSON.parse (<anonymous>)
        at Function.parsePGN (C:\Users\liaml\Documents\GitHub\Castles\src\Classes\Services\PGNService.ts:110:43)
        at Object.<anonymous> (C:\Users\liaml\Documents\GitHub\Castles\src\Classes\Services\__tests__\PGNService.test.ts:25:45)
        at Promise.then.completed (C:\Users\liaml\Documents\GitHub\Castles\node_modules\jest-circus\build\utils.js:391:28)
        at new Promise (<anonymous>)
        at callAsyncCircusFn (C:\Users\liaml\Documents\GitHub\Castles\node_modules\jest-circus\build\utils.js:316:10)
        at _callCircusTest (C:\Users\liaml\Documents\GitHub\Castles\node_modules\jest-circus\build\run.js:218:40)
        at _runTest (C:\Users\liaml\Documents\GitHub\Castles\node_modules\jest-circus\build\run.js:155:3)
        at _runTestsForDescribeBlock (C:\Users\liaml\Documents\GitHub\Castles\node_modules\jest-circus\build\run.js:66:9)
        at _runTestsForDescribeBlock (C:\Users\liaml\Documents\GitHub\Castles\node_modules\jest-circus\build\run.js:60:9)
        at run (C:\Users\liaml\Documents\GitHub\Castles\node_modules\jest-circus\build\run.js:25:3)
        at runAndTransformResultsToJestFormat (C:\Users\liaml\Documents\GitHub\Castles\node_modules\jest-circus\build\legacy-code-todo-rewrite\jestAdapterInit.js:170:21)
        at jestAdapter (C:\Users\liaml\Documents\GitHub\Castles\node_modules\jest-circus\build\legacy-code-todo-rewrite\jestAdapter.js:82:19)
        at runTestInternal (C:\Users\liaml\Documents\GitHub\Castles\node_modules\jest-runner\build\runTest.js:389:16)
        at runTest (C:\Users\liaml\Documents\GitHub\Castles\node_modules\jest-runner\build\runTest.js:475:34)
        at TestRunner.runTests (C:\Users\liaml\Documents\GitHub\Castles\node_modules\jest-runner\build\index.js:101:12)
        at TestScheduler.scheduleTests (C:\Users\liaml\Documents\GitHub\Castles\node_modules\@jest\core\build\TestScheduler.js:333:13)
        at runJest (C:\Users\liaml\Documents\GitHub\Castles\node_modules\@jest\core\build\runJest.js:404:19)

      111 |                         }
      112 |                     } catch (e) {
    > 113 |                         console.error("Failed to parse CustomSetup JSON", e);
          |                                 ^
      114 |                         if (tagValue && !tagValue.trim().startsWith('{')) {
      115 |                              const base64 = tagValue.replace(/\s/g, '');
      116 |                              const decoded = atob(base64);

      at Function.parsePGN (src/Classes/Services/PGNService.ts:113:33)
      at Object.<anonymous> (src/Classes/Services/__tests__/PGNService.test.ts:25:45)
      at TestScheduler.scheduleTests (node_modules/@jest/core/build/TestScheduler.js:333:13)
      at runJest (node_modules/@jest/core/build/runJest.js:404:19)

  console.warn
    FULL DECODED JSON: {"boardConfig":{"nSquares":7},"castles":[{"q":-7,"r":7,"s":0,"color":"w"},{"q":0,"r":7,"s":-7,"color":"w"},{"q":7,"r":0,"s":-7,"color":"w"},{"q":-7,"r":0,"s":7,"color":"b"},{"q":0,"r":-7,"s":7,"color":"b"},{"q":7,"r":-7,"s":0,"color":"b"}],"pieces":[{"type":"Swordsman","q":0,"r":1,"s":-1,"color":"w"},{"type":"Swordsman","q":0,"r":-1,"s":1,"color":"b"},{"type":"Swordsman","q":-1,"r":2,"s":-1,"color":"w"},{"type":"Swordsman","q":1,"r":-2,"s":1,"color":"b"},{"type":"Swordsman","q":-2,"r":3,"s":-1,"color":"w"},{"type":"Swordsman","q":2,"r":-3,"s":1,"color":"b"},{"type":"Swordsman","q":-3,"r":4,"s":-1,"color":"w"},{"type":"Swordsman","q":3,"r":-4,"s":1,"color":"b"},{"type":"Swordsman","q":-4,"r":5,"s":-1,"color":"w"},{"type":"Swordsman","q":4,"r":-5,"s":1,"color":"b"},{"type":"Swordsman","q":-5,"r":6,"s":-1,"color":"w"},{"type":"Swordsman","q":5,"r":-6,"s":1,"color":"b"},{"type":"Swordsman","q":-6,"r":7,"s":-1,"color":"w"},{"type":"Swordsman","q":6,"r":-7,"s":1,"color":"b"},{"type":"Swordsman","q":1,"r":1,"s":-2,"color":"w"},{"type":"Swordsman","q":-1,"r":-1,"s":2,"color":"b"},{"type":"Swordsman","q":2,"r":1,"s":-3,"color":"w"},{"type":"Swordsman","q":-2,"r":-1,"s":3,"color":"b"},{"type":"Swordsman","q":3,"r":1,"s":-4,"color":"w"},{"type":"Swordsman","q":-3,"r":-1,"s":4,"color":"b"},{"type":"Swordsman","q":4,"r":1,"s":-5,"color":"w"},{"type":"Swordsman","q":-4,"r":-1,"s":5,"color":"b"},{"type":"Swordsman","q":5,"r":1,"s":-6,"color":"w"},{"type":"Swordsman","q":-5,"r":-1,"s":6,"color":"b"},{"type":"Swordsman","q":6,"r":1,"s":-7,"color":"w"},{"type":"Swordsman","q":-6,"r":-1,"s":7,"color":"b"},{"type":"Knight","q":0,"r":7,"s":-7,"color":"w"},{"type":"Knight","q":0,"r":-7,"s":7,"color":"b"},{"type":"Knight","q":0,"r":6,"s":-6,"color":"w"},{"type":"Knight","q":0,"r":-6,"s":6,"color":"b"},{"type":"Knight","q":0,"r":5,"s":-5,"color":"w"},{"type":"Knight","q":0,"r":-5,"s":5,"color":"b"},{"type":"Knight","q":0,"r":4,"s":-4,"color":"w"},{"type":"Knight","q":0,"r":-8,"s":4,"color":"b"},{"type":"Archer","q":-2,"r":7,"s":-5,"color":"w"},{"type":"Archer","q":2,"r":-7,"s":5,"color":"b"},{"type":"Archer","q":-2,"r":6,"s":-4,"color":"w"},{"type":"Archer","q":2,"r":-6,"s":4,"color":"b"},{"type":"Archer","q":-2,"r":5,"s":-3,"color":"w"},{"type":"Archer","q":2,"r":-5,"s":3,"color":"b"},{"type":"Archer","q":2,"r":5,"s":-7,"color":"w"},{"type":"Archer","q":-2,"r":-5,"s":7,"color":"b"},{"type":"Archer","q":2,"r":4,"s":-6,"color":"w"},{"type":"Archer","q":-2,"r":-4,"s":6,"color":"b"},{"type":"Archer","q":2,"r":3,"s":-5,"color":"w"},{"type":"Archer","q":-2,"r":-3,"s":5,"color":"b"},{"type":"Trebuchet","q":-3,"r":7,"s":-4,"color":"w"},{"type":"Trebuchet","q":3,"r":-7,"s":4,"color":"b"},{"type":"Trebuchet","q":3,"r":4,"s":-7,"color":"w"},{"type":"Trebuchet","q":-3,"r":-4,"s":7,"color":"b"},{"type":"Eagle","q":-1,"r":6,"s":-5,"color":"w"},{"type":"Eagle","q":1,"r":-6,"s":5,"color":"b"},{"type":"Eagle","q":1,"r":5,"s":-6,"color":"w"},{"type":"Eagle","q":-1,"r":-5,"s":6,"color":"b"},{"type":"Giant","q":-5,"r":7,"s":-2,"color":"w"},{"type":"Giant","q":5,"r":-7,"s":2,"color":"b"},{"type":"Giant","q":5,"r":","s":-7,"color":"w"},{"type":"Giant","q":=5,"r":-2,"s":7,"color":"b"},{"type":"Dragon","q":-4,"r":7,"s":-3,"color":"w"},{"type":"Dragon","q":4,"r":-7,"s":3,"color":"b"},{"type":"Dragon","q":4,"r":3,"s":-7,"color":"w"},{"type":"Dragon","q":-4,"r":-3,"s":7,"color":"b"},{"type":"Assassin","q":-1,"r":7,"s":-6,"color":"w"},{"type":"Assassin","q":1,"r":-7,"s":6,"color":"b"},{"type":"Monarch","q":1,"r":6,"s":-7,"color":"w"},{"type":"Monarch","q":-1,"r":-6,"s":7,"color":"b"}]}

      115 |                              const base64 = tagValue.replace(/\s/g, '');
      116 |                              const decoded = atob(base64);
    > 117 |                              console.warn("FULL DECODED JSON:", decoded);
          |                                      ^
      118 |                         }
      119 |                     }
      120 |                 }

      at Function.parsePGN (src/Classes/Services/PGNService.ts:117:38)
      at Object.<anonymous> (src/Classes/Services/__tests__/PGNService.test.ts:25:45)
      at TestScheduler.scheduleTests (node_modules/@jest/core/build/TestScheduler.js:333:13)
      at runJest (node_modules/@jest/core/build/runJest.js:404:19)

node.exe : FAIL src/Classes/Servic
es/__tests__/PGNService.test.ts
At C:\Program 
Files\nodejs\npm.ps1:29 char:3
+   & $NODE_EXE $NPM_CLI_JS $args
+   ~~~~~~~~~~~~~~~~~~~~~~~~~~~~~
    + CategoryInfo          : 
NotSpeci    fied: (FAIL 
src/Classe...Service.t    
est.ts:String) [], RemoteException
    + FullyQualifiedErrorId : 
NativeCo    mmandError
 
  PGNService
    ΓêÜ should be defined (2 ms)
    ├ù should parse the user 
provided Base64 PGN (44 ms)
    ΓêÜ should parse what it 
generates (round trip) (4 ms)

  ΓùÅ PGNService ΓÇ║ should parse 
the user provided Base64 PGN

    
expect(received).toBe(expected) 
// Object.is equality

    Expected: 7
    Received: undefined

      25 |         const { setup, 
moves } = 
PGNService.parsePGN(pgn);
      26 |         
expect(setup).toBeDefined();
    > 27 |         expect(setup?.b
oardConfig.nSquares).toBe(7);
         |                        
                     ^
      28 |         expect(moves.le
ngth).toBeGreaterThan(0);
      29 |     });
      30 |

      at Object.<anonymous> (src/C
lasses/Services/__tests__/PGNServi
ce.test.ts:27:45)
      at 
TestScheduler.scheduleTests (node_
modules/@jest/core/build/TestSched
uler.js:333:13)
      at runJest (node_modules/@je
st/core/build/runJest.js:404:19)

Test Suites: 1 failed, 1 total
Tests:       1 failed, 2 passed, 
3 total
Snapshots:   0 total
Time:        2.891 s
Ran all test suites matching 
/PGNService/i.

  console.error
    Failed to parse CustomSetup JSON SyntaxError: Expected ',' or '}' after property value in JSON at position 3130 (line 1 column 3131)
        at JSON.parse (<anonymous>)
        at Function.parsePGN (C:\Users\liaml\Documents\GitHub\Castles\src\Classes\Services\PGNService.ts:120:48)
        at Object.<anonymous> (C:\Users\liaml\Documents\GitHub\Castles\src\Classes\Services\__tests__\PGNService.test.ts:25:45)
        at Promise.then.completed (C:\Users\liaml\Documents\GitHub\Castles\node_modules\jest-circus\build\utils.js:391:28)
        at new Promise (<anonymous>)
        at callAsyncCircusFn (C:\Users\liaml\Documents\GitHub\Castles\node_modules\jest-circus\build\utils.js:316:10)
        at _callCircusTest (C:\Users\liaml\Documents\GitHub\Castles\node_modules\jest-circus\build\run.js:218:40)
        at processTicksAndRejections (node:internal/process/task_queues:105:5)
        at _runTest (C:\Users\liaml\Documents\GitHub\Castles\node_modules\jest-circus\build\run.js:155:3)
        at _runTestsForDescribeBlock (C:\Users\liaml\Documents\GitHub\Castles\node_modules\jest-circus\build\run.js:66:9)
        at _runTestsForDescribeBlock (C:\Users\liaml\Documents\GitHub\Castles\node_modules\jest-circus\build\run.js:60:9)
        at run (C:\Users\liaml\Documents\GitHub\Castles\node_modules\jest-circus\build\run.js:25:3)
        at runAndTransformResultsToJestFormat (C:\Users\liaml\Documents\GitHub\Castles\node_modules\jest-circus\build\legacy-code-todo-rewrite\jestAdapterInit.js:170:21)
        at jestAdapter (C:\Users\liaml\Documents\GitHub\Castles\node_modules\jest-circus\build\legacy-code-todo-rewrite\jestAdapter.js:82:19)
        at runTestInternal (C:\Users\liaml\Documents\GitHub\Castles\node_modules\jest-runner\build\runTest.js:389:16)
        at runTest (C:\Users\liaml\Documents\GitHub\Castles\node_modules\jest-runner\build\runTest.js:475:34)
        at Object.worker (C:\Users\liaml\Documents\GitHub\Castles\node_modules\jest-runner\build\testWorker.js:133:12)

      129 |
      130 |                     } catch (e) {
    > 131 |                         console.error("Failed to parse CustomSetup JSON", e);
          |                                 ^
      132 |                     }
      133 |                 }
      134 |             }

      at Function.parsePGN (src/Classes/Services/PGNService.ts:131:33)
      at Object.<anonymous> (src/Classes/Services/__tests__/PGNService.test.ts:25:45)

FAIL src/Classes/Services/__tests_
_/PGNService.test.ts
  PGNService
    ΓêÜ should be defined (2 ms)
    ├ù should parse the user 
provided Base64 PGN (133 ms)
    ΓêÜ should parse what it 
generates (round trip) (4 ms)

  ΓùÅ PGNService ΓÇ║ should parse 
the user provided Base64 PGN

    
expect(received).toBe(expected) 
// Object.is equality

    Expected: 7
    Received: undefined

      25 |         const { setup, 
moves } = 
PGNService.parsePGN(pgn);
      26 |         
expect(setup).toBeDefined();
    > 27 |         expect(setup?.b
oardConfig.nSquares).toBe(7);
         |                        
                     ^
      28 |         expect(moves.le
ngth).toBeGreaterThan(0);
      29 |     });
      30 |

      at Object.<anonymous> (src/C
lasses/Services/__tests__/PGNServi
ce.test.ts:27:45)

A worker process has failed to 
exit gracefully and has been 
force exited. This is likely 
caused by tests leaking due to 
improper teardown. Try running 
with --detectOpenHandles to find 
leaks. Active timers can also 
cause this, ensure that .unref() 
was called on them.
Test Suites: 1 failed, 1 total
Tests:       1 failed, 2 passed, 
3 total
Snapshots:   0 total
Time:        8.669 s
Ran all test suites matching 
/PGNService/i.

PASS src/Classes/Services/__tests_
_/PGNService.test.ts (5.987 s)
  PGNService
    ΓêÜ should be defined (3 ms)
    ΓêÜ should parse what it 
generates (compressed round trip) 
(4 ms)
    ΓêÜ should parse what it 
generates (round trip) (26 ms)

[0;33mOne of your dependencies, 
babel-preset-react-app, is 
importing the
"@babel/plugin-proposal-private-pr
operty-in-object" package without
declaring it in its dependencies. 
This is currently working because
"@babel/plugin-proposal-private-pr
operty-in-object" is already in 
your
node_modules folder for unrelated 
reasons, but it [1mmay break at 
any time[0;33m.

babel-preset-react-app is part of 
the create-react-app project, 
[1mwhich
is not maintianed anymore[0;33m. 
It is thus unlikely that this bug 
will
ever be fixed. Add "@babel/plugin-
proposal-private-property-in-objec
t" to
your devDependencies to work 
around this error. This will make 
this message
go away.[0m
  
Test Suites: 1 passed, 1 total
Tests:       3 passed, 3 total
Snapshots:   0 total
Time:        9.529 s
Ran all test suites matching 
/PGNService/i.

No tests found, exiting with code 0

PASS src/Classes/Services/__tests_
_/PGNService.test.ts
  PGNService
    ΓêÜ should be defined (1 ms)
    ΓêÜ should parse what it 
generates (compressed round trip) 
(7 ms)
    ΓêÜ should parse the user 
provided Base64 PGN (Compact 
format) (2 ms)

A worker process has failed to 
exit gracefully and has been 
force exited. This is likely 
caused by tests leaking due to 
improper teardown. Try running 
with --detectOpenHandles to find 
leaks. Active timers can also 
cause this, ensure that .unref() 
was called on them.
Test Suites: 1 passed, 1 total
Tests:       3 passed, 3 total
Snapshots:   0 total
Time:        8.62 s
Ran all test suites matching 
/PGNService/i.

No tests found, exiting with code 0

PASS src/Classes/Services/__tests_
_/PGNService.test.ts
  PGNService
    ΓêÜ should parse the Simple 
Test PGN (3 ms)

A worker process has failed to 
exit gracefully and has been 
force exited. This is likely 
caused by tests leaking due to 
improper teardown. Try running 
with --detectOpenHandles to find 
leaks. Active timers can also 
cause this, ensure that .unref() 
was called on them.
Test Suites: 1 passed, 1 total
Tests:       1 passed, 1 total
Snapshots:   0 total
Time:        8.309 s
Ran all test suites matching 
/PGNService/i.

PASS src/Classes/Services/__tests_
_/PGNService.test.ts (15.005 s)
  PGNService
    ΓêÜ should parse the Simple 
Test PGN (31 ms)

Test Suites: 1 passed, 1 total
Tests:       1 passed, 1 total
Snapshots:   0 total
Time:        43.796 s
Ran all test suites matching 
/PGNService/i.

  console.log
    Analyzing CustomSetup... eyJiIjp7Im5TcXVhcmVzIjo3fSwiYyI6W10sInAiOltbIlN3b3Jkc21hbiIsMCwwLDAsMF1dfQ==

      at Function.parsePGN (src/Classes/Services/PGNService.ts:111:29)

PASS src/Classes/Services/__tests_
_/PGNService.test.ts
  PGNService
    ΓêÜ should parse the Simple 
Test PGN (155 ms)

Test Suites: 1 passed, 1 total
Tests:       1 passed, 1 total
Snapshots:   0 total
Time:        12.059 s, estimated 
15 s
Ran all test suites matching 
/PGNService/i.

  console.log
    Analyzing CustomSetup... eyJiIjp7Im5TcXVhcmVzIjo3fSwiYyI6W10sInAiOltbIlN3b3Jkc21hbiIsMCwwLDAsMF1dfQ==

      at Function.parsePGN (src/Classes/Services/PGNService.ts:109:21)

  console.error
    Failed to parse CustomSetup JSON ReferenceError: setup is not defined
        at Function.parsePGN (C:\Users\liaml\Documents\GitHub\Castles\src\Classes\Services\PGNService.ts:125:26)
        at Object.<anonymous> (C:\Users\liaml\Documents\GitHub\Castles\src\Classes\Services\__tests__\PGNService.test.ts:15:45)
        at Promise.then.completed (C:\Users\liaml\Documents\GitHub\Castles\node_modules\jest-circus\build\utils.js:391:28)
        at new Promise (<anonymous>)
        at callAsyncCircusFn (C:\Users\liaml\Documents\GitHub\Castles\node_modules\jest-circus\build\utils.js:316:10)
        at _callCircusTest (C:\Users\liaml\Documents\GitHub\Castles\node_modules\jest-circus\build\run.js:218:40)
        at processTicksAndRejections (node:internal/process/task_queues:105:5)
        at _runTest (C:\Users\liaml\Documents\GitHub\Castles\node_modules\jest-circus\build\run.js:155:3)
        at _runTestsForDescribeBlock (C:\Users\liaml\Documents\GitHub\Castles\node_modules\jest-circus\build\run.js:66:9)
        at _runTestsForDescribeBlock (C:\Users\liaml\Documents\GitHub\Castles\node_modules\jest-circus\build\run.js:60:9)
        at run (C:\Users\liaml\Documents\GitHub\Castles\node_modules\jest-circus\build\run.js:25:3)
        at runAndTransformResultsToJestFormat (C:\Users\liaml\Documents\GitHub\Castles\node_modules\jest-circus\build\legacy-code-todo-rewrite\jestAdapterInit.js:170:21)
        at jestAdapter (C:\Users\liaml\Documents\GitHub\Castles\node_modules\jest-circus\build\legacy-code-todo-rewrite\jestAdapter.js:82:19)
        at runTestInternal (C:\Users\liaml\Documents\GitHub\Castles\node_modules\jest-runner\build\runTest.js:389:16)
        at runTest (C:\Users\liaml\Documents\GitHub\Castles\node_modules\jest-runner\build\runTest.js:475:34)
        at Object.worker (C:\Users\liaml\Documents\GitHub\Castles\node_modules\jest-runner\build\testWorker.js:133:12)

      129 |
      130 |             } catch (e) {
    > 131 |                 console.error("Failed to parse CustomSetup JSON", e);
          |                         ^
      132 |             }
      133 |         }
      134 |     }

      at Function.parsePGN (src/Classes/Services/PGNService.ts:131:25)
      at Object.<anonymous> (src/Classes/Services/__tests__/PGNService.test.ts:15:45)

FAIL src/Classes/Services/__tests_
_/PGNService.test.ts (7.68 s)
  PGNService
    ├ù should parse the Simple 
Test PGN (222 ms)

  ΓùÅ PGNService ΓÇ║ should parse 
the Simple Test PGN

    ReferenceError: setup is not 
defined

      151 |     }
      152 |
    > 153 |     return { setup, 
moves: cleanMoves };
          |              ^
      154 |   }
      155 |
      156 |   private static 
compressSetup(setup: GameSetup): 
CompactSetup {

      at Function.parsePGN (src/Cl
asses/Services/PGNService.ts:153:1
4)
      at Object.<anonymous> (src/C
lasses/Services/__tests__/PGNServi
ce.test.ts:15:45)

Test Suites: 1 failed, 1 total
Tests:       1 failed, 1 total
Snapshots:   0 total
Time:        32.593 s
Ran all test suites matching 
/PGNService/i.

  console.log
    Analyzing CustomSetup... eyJiIjp7Im5TcXVhcmVzIjo3fSwiYyI6W10sInAiOltbIlN3b3Jkc21hbiIsMCwwLDAsMF1dfQ==

      at Function.parsePGN (src/Classes/Services/PGNService.ts:110:21)

  console.log
    Analyzing CustomSetup... eyJiIjp7Im5TcXVhcmVzIjo3fSwiYyI6W10sInAiOltbIlN3b3Jkc21hbiIsMCwwLDAsMF1dfQ==

      at Function.parsePGN (src/Classes/Services/PGNService.ts:110:21)

PASS src/Classes/Services/__tests_
_/PGNService.test.ts (14.081 s)
  PGNService
    ΓêÜ should parse the Simple 
Test PGN (1150 ms)
    ΓêÜ should parse single-line 
PGN (pasted without newlines) (38 
ms)

Test Suites: 1 passed, 1 total
Tests:       2 passed, 2 total
Snapshots:   0 total
Time:        21.827 s
Ran all test suites matching 
/PGNService/i.

No tests found, exiting with code 0

No tests found, exiting with code 0

No tests found, exiting with code 0

No tests found, exiting with code 0

No tests found, exiting with code 0

No tests found, exiting with code 0

No tests found, exiting with code 0

No tests found, exiting with code 0

No tests found, exiting with code 0

No tests found, exiting with code 0

No tests found, exiting with code 0

No tests found, exiting with code 0

No tests found, exiting with code 0

No tests found, exiting with code 0

No tests found, exiting with code 0

No tests found, exiting with code 0

No tests found, exiting with code 0

No tests found, exiting with code 0

No tests found, exiting with code 0

No tests found, exiting with code 0

No tests found, exiting with code 0

No tests found, exiting with code 0

No tests found, exiting with code 0

No tests found, exiting with code 0

No tests found, exiting with code 0

No tests found, exiting with code 0

No tests found, exiting with code 0

No tests found, exiting with code 0

No tests found, exiting with code 0

No tests found, exiting with code 0

